
> kidroo@0.0.0 build
> vite build

[36mvite v7.3.1 [32mbuilding client environment for production...[36m[39m
transforming...
[32mΓ£ô[39m 41 modules transformed.
npm : [31mΓ£ù[39m Build failed in 1.23s
At line:1 char:1
+ npm run build > build_output.txt 2>&1 ; type build_output.txt
+ ~~~~~~~~~~~~~~~~~~~~~~~~~~~~~~~~~~~~~
    + CategoryInfo          : NotSpecified: ([31mΓ£ù[39m Build fail 
   ed in 1.23s:String) [], RemoteException
    + FullyQualifiedErrorId : NativeCommandError
 
[31merror during build:
[31mCould not resolve "../../store/slices/productSlice" from 
"src/pages/Home.jsx"[31m
file: [36mC:/Users/tusha/OneDrive/Desktop/Toy 
Store/kidroo/src/pages/Home.jsx[31m
    at getRollupError (file:///C:/Users/tusha/OneDrive/Desktop/Toy%20S
tore/kidroo/node_modules/rollup/dist/es/shared/parseAst.js:402:41)
    at error (file:///C:/Users/tusha/OneDrive/Desktop/Toy%20Store/kidr
oo/node_modules/rollup/dist/es/shared/parseAst.js:398:42)
    at ModuleLoader.handleInvalidResolvedId (file:///C:/Users/tusha/On
eDrive/Desktop/Toy%20Store/kidroo/node_modules/rollup/dist/es/shared/n
ode-entry.js:21710:24)
    at file:///C:/Users/tusha/OneDrive/Desktop/Toy%20Store/kidroo/node
_modules/rollup/dist/es/shared/node-entry.js:21670:26[39m
